1.2000 2.3000 3.4000 4.5000 5.6000 6.7000 7.8000 8.9000 
1.2000 6.7000 5.6000 4.5000 3.4000 2.3000 7.8000 8.9000 
1.2000 6.7000 5.6000 4.5000 8.9000 7.8000 2.3000 3.4000 
