(3,3) = 0
(1,1) = 0
(5,5) = 0
(6,6) = 0
(2,2) = 2
(4,4) = 9
(7,7) = 0
