(0,0) = -1
(1000000,100000000) = -1
(10000000,10000000) = 0
