1291764354 nao existe
valor para 1703980530: 29
valor para 967869928: 31
valor para 1: 31
967869928 nao existe
1703980530 nao existe
