valor para 323712940: -1
valor para 3676369188: -2
valor para 323712940: -10
valor para 3676369188: 20
323712940 nao existe
3676369188 nao existe
valor para 323712940: 100
valor para 3676369188: -200
323712940 nao existe
3676369188 nao existe
