1381 2553 3937 4410 5031 5897 6122 7613 8924 9452 
6122 3937 2553 1381 5031 4410 5897 8924 7613 9452 
1381 2553 4410 5897 5031 3937 7613 9452 8924 6122 
6122 3937 8924 2553 5031 7613 9452 1381 4410 5897 
6122 3937 8924 2553 5031 7613 4410 
