3937 6122 8924 
6122 3937 2553 8924 
2553 5031 3937 8924 6122 
vazia
