minimo {14,-7}
minimo {12,6}
minimo {10,8}
minimo {13,9}
minimo {15,23}
minimo {0,50}
vazio
