minimo {10,0}
minimo {11,1}
minimo {12,2}
minimo {13,3}
minimo {14,4}
minimo {15,5}
minimo {16,6}
minimo {17,7}
minimo {18,8}
minimo {19,9}
minimo {110,10}
minimo {111,11}
minimo {112,12}
minimo {113,13}
minimo {114,14}
minimo {115,15}
minimo {116,16}
minimo {117,17}
minimo {118,18}
minimo {119,19}
minimo {120,20}
minimo {121,21}
minimo {122,22}
minimo {123,23}
minimo {124,24}
minimo {125,25}
minimo {126,26}
minimo {127,27}
minimo {128,28}
minimo {129,29}
minimo {130,30}
minimo {131,31}
minimo {132,32}
minimo {133,33}
minimo {134,34}
minimo {135,35}
minimo {136,36}
minimo {137,37}
minimo {138,38}
minimo {139,39}
minimo {140,40}
minimo {141,41}
minimo {142,42}
minimo {143,43}
minimo {144,44}
minimo {145,45}
minimo {146,46}
minimo {147,47}
minimo {148,48}
minimo {149,49}
minimo {150,50}
minimo {151,51}
minimo {152,52}
minimo {153,53}
minimo {154,54}
minimo {155,55}
minimo {156,56}
minimo {157,57}
minimo {158,58}
minimo {159,59}
minimo {160,60}
minimo {161,61}
minimo {162,62}
minimo {163,63}
minimo {164,64}
minimo {165,65}
minimo {166,66}
minimo {167,67}
minimo {168,68}
minimo {169,69}
minimo {170,70}
minimo {171,71}
minimo {172,72}
minimo {173,73}
minimo {174,74}
minimo {175,75}
minimo {176,76}
minimo {177,77}
minimo {178,78}
minimo {179,79}
minimo {180,80}
minimo {181,81}
minimo {182,82}
minimo {183,83}
minimo {184,84}
minimo {185,85}
minimo {186,86}
minimo {187,87}
minimo {188,88}
minimo {189,89}
minimo {190,90}
minimo {191,91}
minimo {192,92}
minimo {193,93}
minimo {194,94}
minimo {195,95}
minimo {196,96}
minimo {197,97}
minimo {198,98}
minimo {199,99}
vazio
minimo {199,-199}
minimo {198,-198}
minimo {197,-197}
minimo {196,-196}
minimo {195,-195}
minimo {194,-194}
minimo {193,-193}
minimo {192,-192}
minimo {191,-191}
minimo {190,-190}
minimo {189,-189}
minimo {188,-188}
minimo {187,-187}
minimo {186,-186}
minimo {185,-185}
minimo {184,-184}
minimo {183,-183}
minimo {182,-182}
minimo {181,-181}
minimo {180,-180}
minimo {179,-179}
minimo {178,-178}
minimo {177,-177}
minimo {176,-176}
minimo {175,-175}
minimo {174,-174}
minimo {173,-173}
minimo {172,-172}
minimo {171,-171}
minimo {170,-170}
minimo {169,-169}
minimo {168,-168}
minimo {167,-167}
minimo {166,-166}
minimo {165,-165}
minimo {164,-164}
minimo {163,-163}
minimo {162,-162}
minimo {161,-161}
minimo {160,-160}
minimo {159,-159}
minimo {158,-158}
minimo {157,-157}
minimo {156,-156}
minimo {155,-155}
minimo {154,-154}
minimo {153,-153}
minimo {152,-152}
minimo {151,-151}
minimo {150,-150}
minimo {149,-149}
minimo {148,-148}
minimo {147,-147}
minimo {146,-146}
minimo {145,-145}
minimo {144,-144}
minimo {143,-143}
minimo {142,-142}
minimo {141,-141}
minimo {140,-140}
minimo {139,-139}
minimo {138,-138}
minimo {137,-137}
minimo {136,-136}
minimo {135,-135}
minimo {134,-134}
minimo {133,-133}
minimo {132,-132}
minimo {131,-131}
minimo {130,-130}
minimo {129,-129}
minimo {128,-128}
minimo {127,-127}
minimo {126,-126}
minimo {125,-125}
minimo {124,-124}
minimo {123,-123}
minimo {122,-122}
minimo {121,-121}
minimo {120,-120}
minimo {119,-119}
minimo {118,-118}
minimo {117,-117}
minimo {116,-116}
minimo {115,-115}
minimo {114,-114}
minimo {113,-113}
minimo {112,-112}
minimo {111,-111}
minimo {110,-110}
minimo {19,-19}
minimo {18,-18}
minimo {17,-17}
minimo {16,-16}
minimo {15,-15}
minimo {14,-14}
minimo {13,-13}
minimo {12,-12}
minimo {11,-11}
minimo {10,-10}
vazio
