-0.841704699701 
1.407382511573 1.455612146598 
-1.337277802814 0.426010844713 1.499871287225 
0.002536511553 -1.609982174695 -0.220718056759 -0.126761781101 
-1.015532548713 0.006843376738 -1.204447616887 1.588897422414 0.213292596668 
-0.927433082068 1.036797538176 -1.491309241634 1.477970910733 -0.316761809954 1.152950988080 
-0.890950042595 0.747488980835 -0.751567221811 -0.838116744631 -0.578049361564 -1.067429284877 1.276873943634 
-0.231831483770 0.796493587773 0.450288900990 0.926111762451 -1.375683432182 -1.042946767925 1.477027753426 0.281579164358 
1.396460354226 -1.236973352973 -1.537237045190 0.946026891744 -1.293806825111 0.641809193894 1.369834297939 0.237705860811 -0.237985090536 
-0.605229440325 -0.821430115350 -0.025299820020 1.328747595527 -0.521763316395 -0.854895710990 0.413311198595 0.723507722312 0.960827206410 -1.239136678824 

0.492336836364 0.303236796057 
