-1.709275644447 
1.232041595834 -1.230174046906 
-1.528150360880 -1.096366200871 0.822595273186 
1.090267902357 -0.814625382228 1.399648817970 0.915059084116 
-0.433852907587 0.100469688545 0.518055092589 0.339864511004 -0.299113540654 
-0.465666553794 0.605793663733 1.078107407816 -1.482522492764 -0.674748484186 -0.079089804425 
0.898643755025 0.924479715173 1.674896884005 -1.514287611741 -0.672263121855 0.827827558723 -0.678084539190 
0.232903026260 0.461500747988 -0.860506471752 0.520951944439 0.811072599083 -0.830233261353 1.197881478543 0.231531806500 
1.238418403898 1.292512668515 0.376740263793 1.102881267589 1.286901386135 -0.490132790335 -0.092311924727 -0.809849105326 -1.457575711364 
-0.763078232904 0.582667949589 -1.637611161899 1.405796426640 -0.115166448549 -1.377272808354 -1.434316738096 1.295407715333 -1.360103386511 -0.558539901683 

-1412.071299527273 582579.348646476865 
