-0.892202112506 
-1.307537578672 1.830552610141 
-0.523015031469 -1.030647267895 1.599810684493 
0.492249441383 0.861436522419 0.076913975216 -1.399834348932 
0.584546211642 0.861436522419 -0.569163416599 -0.892202112506 0.307655900864 

4.233333333333 2.166923061753 
