1.267198965791 
-0.484736986795 0.270078467438 
1.238944608983 -0.916721276700 0.460618264417 
0.563266397601 -1.596849648928 0.362521444917 -1.888318920918 
0.317206289371 1.315577661023 0.682468437232 -1.226453900504 -0.364799802928 

2.497269933333 5.318684159799 
