nope
...   No fim tu hás de ver que as coisas mais leves são as únicas que o vento não conseguiu levar   ...
...   No fim tu hás de ver que as coisas mais leves são as únicas que o vento não conseguiu levar   ...
nope
um dia desses choverá
...   No fim tu hás de ver que as coisas mais leves são as únicas que o vento não conseguiu levar   ...
nope
Talvez amanhã ou talvez num amanhã, mas choverá!
...   No fim tu hás de ver que as coisas mais leves são as únicas que o vento não conseguiu levar   ...
nope
