1    Ai que prazer - não cumprir um dever.
1    Ai que prazer - não cumprir um dever.
nope
2    Ter um livro para ler - e não o fazer!
1    Ai que prazer - não cumprir um dever.
nope
3    Ler é maçada, estudar é nada.
1    Ai que prazer - não cumprir um dever.
nope
4    O sol doira sem literatura.
1    Ai que prazer - não cumprir um dever.
nope
5    O rio corre bem ou mal, sem edição original.
1    Ai que prazer - não cumprir um dever.
nope
6    E a brisa, essa, de tão naturalmente matinal, como tem tempo, não tem pressa...
1    Ai que prazer - não cumprir um dever.
nope
7    Livros são papéis pintados com tinta.
1    Ai que prazer - não cumprir um dever.
nope
8    Estudar é uma coisa em que está indistinta
1    Ai que prazer - não cumprir um dever.
nope
9    A distinção entre nada e coisa nenhuma.
1    Ai que prazer - não cumprir um dever.
nope
10   Quanto melhor é quando há bruma.
1    Ai que prazer - não cumprir um dever.
nope
