yep
nope
10   Quanto melhor é quando há bruma.
9    A distinção entre nada e coisa nenhuma.
8    Estudar é uma coisa em que está indistinta
7    Livros são papéis pintados com tinta.
6    E a brisa, essa, de tão naturalmente matinal, como tem tempo, não tem pressa...
5    O rio corre bem ou mal, sem edição original.
4    O sol doira sem literatura.
3    Ler é maçada, estudar é nada.
2    Ter um livro para ler - e não o fazer!
1    Ai que prazer - não cumprir um dever.
yep
