yep
nope
1    Ai que prazer - não cumprir um dever.
2    Ter um livro para ler - e não o fazer!
3    Ler é maçada, estudar é nada.
4    O sol doira sem literatura.
5    O rio corre bem ou mal, sem edição original.
6    E a brisa, essa, de tão naturalmente matinal, como tem tempo, não tem pressa...
7    Livros são papéis pintados com tinta.
8    Estudar é uma coisa em que está indistinta
9    A distinção entre nada e coisa nenhuma.
10   Quanto melhor é quando há bruma.
yep
