nope
10   Quanto melhor é quando há bruma.
10   Quanto melhor é quando há bruma.
nope
9    A distinção entre nada e coisa nenhuma.
9    A distinção entre nada e coisa nenhuma.
nope
8    Estudar é uma coisa em que está indistinta
8    Estudar é uma coisa em que está indistinta
nope
7    Livros são papéis pintados com tinta.
7    Livros são papéis pintados com tinta.
nope
6    E a brisa, essa, de tão naturalmente matinal, como tem tempo, não tem pressa...
6    E a brisa, essa, de tão naturalmente matinal, como tem tempo, não tem pressa...
nope
5    O rio corre bem ou mal, sem edição original.
5    O rio corre bem ou mal, sem edição original.
nope
4    O sol doira sem literatura.
4    O sol doira sem literatura.
nope
3    Ler é maçada, estudar é nada.
3    Ler é maçada, estudar é nada.
nope
2    Ter um livro para ler - e não o fazer!
2    Ter um livro para ler - e não o fazer!
nope
1    Ai que prazer - não cumprir um dever.
1    Ai que prazer - não cumprir um dever.
yep
yep
yep
yep
yep
yep
yep
