A
ba
xzY
yxf
bca
qew
gba
dca
tba
eoqp
tweq
fedc
DBCA
CBEFDA
