S = {1,3,5,7}
belongs(9) = false
rank(5) = 3
rank(6) = 3
rank(7) = 4
select(3) = 5
select(4) = 7
rangecount(2,6) = 2
