S = {1,3,5,7,9}
rank(5) = 3
rank(6) = 3
rank(7) = 4
S = {2,4,6,8,10}
rank(5) = 2
rank(6) = 3
rank(7) = 3
