S = {}
S = {}
rank(1) = 0
rank(2) = 0
rank(3) = 0
rank(4) = 0
rank(5) = 0
rank(6) = 0
rank(7) = 0
rank(8) = 0
rank(9) = 0
rank(10) = 0
select(1) = 0
select(2) = 0
select(3) = 0
select(4) = 0
select(5) = 0
select(6) = 0
select(7) = 0
select(8) = 0
select(9) = 0
select(10) = 0
rangecount(1,1) = 0
rangecount(1,2) = 0
rangecount(1,3) = 0
rangecount(1,4) = 0
rangecount(1,5) = 0
rangecount(1,6) = 0
rangecount(1,7) = 0
rangecount(1,8) = 0
rangecount(1,9) = 0
rangecount(1,10) = 0
rangecount(2,2) = 0
rangecount(2,3) = 0
rangecount(2,4) = 0
rangecount(2,5) = 0
rangecount(2,6) = 0
rangecount(2,7) = 0
rangecount(2,8) = 0
rangecount(2,9) = 0
rangecount(2,10) = 0
rangecount(3,3) = 0
rangecount(3,4) = 0
rangecount(3,5) = 0
rangecount(3,6) = 0
rangecount(3,7) = 0
rangecount(3,8) = 0
rangecount(3,9) = 0
rangecount(3,10) = 0
rangecount(4,4) = 0
rangecount(4,5) = 0
rangecount(4,6) = 0
rangecount(4,7) = 0
rangecount(4,8) = 0
rangecount(4,9) = 0
rangecount(4,10) = 0
rangecount(5,5) = 0
rangecount(5,6) = 0
rangecount(5,7) = 0
rangecount(5,8) = 0
rangecount(5,9) = 0
rangecount(5,10) = 0
rangecount(6,6) = 0
rangecount(6,7) = 0
rangecount(6,8) = 0
rangecount(6,9) = 0
rangecount(6,10) = 0
rangecount(7,7) = 0
rangecount(7,8) = 0
rangecount(7,9) = 0
rangecount(7,10) = 0
rangecount(8,8) = 0
rangecount(8,9) = 0
rangecount(8,10) = 0
rangecount(9,9) = 0
rangecount(9,10) = 0
rangecount(10,10) = 0
belongs(1) = false
belongs(2) = false
belongs(3) = false
belongs(4) = false
belongs(5) = false
belongs(6) = false
belongs(7) = false
belongs(8) = false
belongs(9) = false
belongs(10) = false
S = {}
